\BOOKMARK [0][-]{chapter*.1}{\376\377\000D\000\351\000d\000i\000c\000a\000c\000e}{}% 1
\BOOKMARK [0][-]{chapter*.2}{\376\377\000R\000e\000m\000e\000r\000c\000i\000e\000m\000e\000n\000t\000s}{}% 2
\BOOKMARK [0][-]{chapter*.3}{\376\377\000R\000\351\000s\000u\000m\000\351}{}% 3
\BOOKMARK [0][-]{chapter*.4}{\376\377\000A\000b\000s\000t\000r\000a\000c\000t}{}% 4
\BOOKMARK [0][-]{chapter*.5}{\376\377\000T\000a\000b\000l\000e\000\040\000d\000e\000s\000\040\000m\000a\000t\000i\000\350\000r\000e\000s}{}% 5
\BOOKMARK [0][-]{chapter*.6}{\376\377\000L\000i\000s\000t\000e\000\040\000d\000e\000s\000\040\000f\000i\000g\000u\000r\000e\000s}{}% 6
\BOOKMARK [0][-]{chapter*.7}{\376\377\000L\000i\000s\000t\000e\000\040\000d\000e\000s\000\040\000t\000a\000b\000l\000e\000a\000u\000x}{}% 7
\BOOKMARK [0][-]{chapter*.8}{\376\377\000I\000n\000t\000r\000o\000d\000u\000c\000t\000i\000o\000n\000\040\000G\000\351\000n\000\351\000r\000a\000l\000e}{}% 8
\BOOKMARK [0][-]{chapter.1}{\376\377\000P\000r\000\351\000s\000e\000n\000t\000a\000t\000i\000o\000n\000\040\000d\000e\000\040\000l\000a\000\040\000s\000t\000r\000u\000c\000t\000u\000r\000e\000\040\000d\000'\000a\000c\000c\000u\000e\000i\000l\000\040\000e\000t\000\040\000d\000\351\000r\000o\000u\000l\000e\000m\000e\000n\000t\000\040\000d\000u\000\040\000s\000t\000a\000g\000e}{}% 9
\BOOKMARK [1][-]{section.1.1}{\376\377\000P\000r\000\351\000s\000e\000n\000t\000a\000t\000i\000o\000n\000\040\000d\000u\000\040\000M\000I\000N\000E\000P\000A\000T}{chapter.1}% 10
\BOOKMARK [2][-]{subsection.1.1.1}{\376\377\000O\000r\000g\000a\000n\000i\000s\000a\000t\000i\000o\000n\000\040\000i\000n\000t\000e\000r\000n\000e}{section.1.1}% 11
\BOOKMARK [2][-]{subsection.1.1.2}{\376\377\000M\000i\000s\000s\000i\000o\000n\000s\000\040\000d\000u\000\040\000m\000i\000n\000e\000p\000a\000t}{section.1.1}% 12
\BOOKMARK [1][-]{section.1.2}{\376\377\000D\000\351\000r\000o\000u\000l\000e\000m\000e\000n\000t\000\040\000d\000u\000\040\000s\000t\000a\000g\000e}{chapter.1}% 13
\BOOKMARK [2][-]{subsection.1.2.1}{\376\377\000C\000a\000d\000r\000e\000\040\000d\000u\000\040\000s\000t\000a\000g\000e}{section.1.2}% 14
\BOOKMARK [2][-]{subsection.1.2.2}{\376\377\000M\000i\000s\000s\000i\000o\000n\000s\000\040\000c\000o\000n\000f\000i\000\351\000e\000s}{section.1.2}% 15
\BOOKMARK [2][-]{subsection.1.2.3}{\376\377\000A\000p\000p\000o\000r\000t\000s\000\040\000d\000u\000\040\000s\000t\000a\000g\000e}{section.1.2}% 16
\BOOKMARK [0][-]{chapter.2}{\376\377\000C\000o\000n\000c\000e\000p\000t\000s\000\040\000e\000t\000\040\000\351\000t\000a\000t\000\040\000d\000e\000\040\000l\000'\000a\000r\000t}{}% 17
\BOOKMARK [1][-]{section.2.1}{\376\377\000C\000o\000n\000c\000e\000p\000t\000s\000\040\000f\000o\000n\000d\000a\000m\000e\000n\000t\000a\000u\000x}{chapter.2}% 18
\BOOKMARK [2][-]{subsection.2.1.1}{\376\377\000C\000a\000r\000t\000o\000g\000r\000a\000p\000h\000i\000e\000\040\000d\000e\000s\000\040\000e\000n\000t\000r\000e\000p\000r\000i\000s\000e\000s}{section.2.1}% 19
\BOOKMARK [2][-]{subsection.2.1.2}{\376\377\000P\000l\000a\000t\000e\000f\000o\000r\000m\000e\000\040\000n\000u\000m\000\351\000r\000i\000q\000u\000e\000\040\000d\000e\000\040\000m\000i\000s\000e\000\040\000e\000n\000\040\000r\000e\000l\000a\000t\000i\000o\000n}{section.2.1}% 20
\BOOKMARK [2][-]{subsection.2.1.3}{\376\377\000D\000a\000t\000a\000\040\000S\000c\000i\000e\000n\000c\000e\000s\000\040\000a\000p\000p\000l\000i\000q\000u\000\351\000e\000s\000\040\000a\000u\000x\000\040\000p\000o\000l\000i\000t\000i\000q\000u\000e\000s\000\040\000p\000u\000b\000l\000i\000q\000u\000e\000s}{section.2.1}% 21
\BOOKMARK [1][-]{section.2.2}{\376\377\000\311\000t\000a\000t\000\040\000d\000e\000\040\000l\000'\000a\000r\000t}{chapter.2}% 22
\BOOKMARK [2][-]{subsection.2.2.1}{\376\377\000P\000l\000a\000t\000e\000f\000o\000r\000m\000e\000s\000\040\000s\000i\000m\000i\000l\000a\000i\000r\000e\000s\000\040\000e\000x\000i\000s\000t\000a\000n\000t\000e\000s}{section.2.2}% 23
\BOOKMARK [2][-]{subsection.2.2.2}{\376\377\000L\000a\000c\000u\000n\000e\000s\000\040\000i\000d\000e\000n\000t\000i\000f\000i\000\351\000e\000s}{section.2.2}% 24
\BOOKMARK [1][-]{section.2.3}{\376\377\000T\000e\000c\000h\000n\000o\000l\000o\000g\000i\000e\000s\000\040\000u\000t\000i\000l\000i\000s\000\351\000e\000s}{chapter.2}% 25
\BOOKMARK [2][-]{subsection.2.3.1}{\376\377\000B\000a\000c\000k\000-\000e\000n\000d}{section.2.3}% 26
\BOOKMARK [2][-]{subsection.2.3.2}{\376\377\000F\000r\000o\000n\000t\000-\000e\000n\000d}{section.2.3}% 27
\BOOKMARK [2][-]{subsection.2.3.3}{\376\377\000A\000l\000g\000o\000r\000i\000t\000h\000m\000e\000s\000\040\000d\000e\000\040\000m\000i\000s\000e\000\040\000e\000n\000\040\000r\000e\000l\000a\000t\000i\000o\000n}{section.2.3}% 28
\BOOKMARK [0][-]{chapter.3}{\376\377\000M\000\351\000t\000h\000o\000d\000o\000l\000o\000g\000i\000e}{}% 29
\BOOKMARK [1][-]{section.3.1}{\376\377\000A\000p\000p\000r\000o\000c\000h\000e\000\040\000m\000\351\000t\000h\000o\000d\000o\000l\000o\000g\000i\000q\000u\000e\000\040\000g\000l\000o\000b\000a\000l\000e}{chapter.3}% 30
\BOOKMARK [1][-]{section.3.2}{\376\377\000C\000o\000l\000l\000e\000c\000t\000e\000\040\000e\000t\000\040\000t\000r\000a\000i\000t\000e\000m\000e\000n\000t\000\040\000d\000e\000s\000\040\000d\000o\000n\000n\000\351\000e\000s}{chapter.3}% 31
\BOOKMARK [2][-]{subsection.3.2.1}{\376\377\000S\000o\000u\000r\000c\000e\000\040\000d\000e\000s\000\040\000d\000o\000n\000n\000\351\000e\000s}{section.3.2}% 32
\BOOKMARK [2][-]{subsection.3.2.2}{\376\377\000N\000e\000t\000t\000o\000y\000a\000g\000e\000\040\000e\000t\000\040\000p\000r\000\351\000t\000r\000a\000i\000t\000e\000m\000e\000n\000t}{section.3.2}% 33
\BOOKMARK [1][-]{section.3.3}{\376\377\000A\000r\000c\000h\000i\000t\000e\000c\000t\000u\000r\000e\000\040\000d\000e\000\040\000l\000a\000\040\000p\000l\000a\000t\000e\000f\000o\000r\000m\000e}{chapter.3}% 34
\BOOKMARK [2][-]{subsection.3.3.1}{\376\377\000V\000u\000e\000\040\000d\000'\000e\000n\000s\000e\000m\000b\000l\000e}{section.3.3}% 35
\BOOKMARK [2][-]{subsection.3.3.2}{\376\377\000C\000o\000n\000c\000e\000p\000t\000i\000o\000n\000\040\000d\000e\000\040\000l\000a\000\040\000b\000a\000s\000e\000\040\000d\000e\000\040\000d\000o\000n\000n\000\351\000e\000s}{section.3.3}% 36
\BOOKMARK [2][-]{subsection.3.3.3}{\376\377\000A\000l\000g\000o\000r\000i\000t\000h\000m\000e\000\040\000d\000e\000\040\000m\000i\000s\000e\000\040\000e\000n\000\040\000r\000e\000l\000a\000t\000i\000o\000n}{section.3.3}% 37
\BOOKMARK [1][-]{section.3.4}{\376\377\000I\000m\000p\000l\000\351\000m\000e\000n\000t\000a\000t\000i\000o\000n}{chapter.3}% 38
\BOOKMARK [2][-]{subsection.3.4.1}{\376\377\000E\000n\000v\000i\000r\000o\000n\000n\000e\000m\000e\000n\000t\000\040\000d\000e\000\040\000d\000\351\000v\000e\000l\000o\000p\000p\000e\000m\000e\000n\000t}{section.3.4}% 39
\BOOKMARK [2][-]{subsection.3.4.2}{\376\377\000E\000x\000t\000r\000a\000i\000t\000s\000\040\000d\000e\000\040\000c\000o\000d\000e\000\040\000s\000i\000g\000n\000i\000f\000i\000c\000a\000t\000i\000f\000s}{section.3.4}% 40
\BOOKMARK [0][-]{chapter.4}{\376\377\000P\000r\000\351\000s\000e\000n\000t\000a\000t\000i\000o\000n\000\040\000e\000t\000\040\000d\000i\000s\000c\000u\000s\000s\000i\000o\000n\000\040\000d\000e\000s\000\040\000r\000\351\000s\000u\000l\000t\000a\000t\000s}{}% 41
\BOOKMARK [1][-]{section.4.1}{\376\377\000P\000r\000\351\000s\000e\000n\000t\000a\000t\000i\000o\000n\000\040\000d\000e\000\040\000l\000a\000\040\000p\000l\000a\000t\000e\000f\000o\000r\000m\000e\000\040\000d\000\351\000v\000e\000l\000o\000p\000p\000\351\000e}{chapter.4}% 42
\BOOKMARK [2][-]{subsection.4.1.1}{\376\377\000I\000n\000t\000e\000r\000f\000a\000c\000e\000\040\000d\000'\000a\000c\000c\000u\000e\000i\000l}{section.4.1}% 43
\BOOKMARK [2][-]{subsection.4.1.2}{\376\377\000M\000o\000d\000u\000l\000e\000\040\000d\000e\000\040\000c\000a\000r\000t\000o\000g\000r\000a\000p\000h\000i\000e}{section.4.1}% 44
\BOOKMARK [2][-]{subsection.4.1.3}{\376\377\000M\000o\000d\000u\000l\000e\000\040\000d\000e\000\040\000m\000i\000s\000e\000\040\000e\000n\000\040\000r\000e\000l\000a\000t\000i\000o\000n}{section.4.1}% 45
\BOOKMARK [1][-]{section.4.2}{\376\377\000\311\000v\000a\000l\000u\000a\000t\000i\000o\000n\000\040\000d\000e\000s\000\040\000p\000e\000r\000f\000o\000r\000m\000a\000n\000c\000e\000s}{chapter.4}% 46
\BOOKMARK [2][-]{subsection.4.2.1}{\376\377\000M\000\351\000t\000r\000i\000q\000u\000e\000s\000\040\000u\000t\000i\000l\000i\000s\000\351\000e\000s}{section.4.2}% 47
\BOOKMARK [2][-]{subsection.4.2.2}{\376\377\000R\000\351\000s\000u\000l\000t\000a\000t\000s\000\040\000q\000u\000a\000n\000t\000i\000t\000a\000t\000i\000f\000s}{section.4.2}% 48
\BOOKMARK [2][-]{subsection.4.2.3}{\376\377\000D\000i\000s\000c\000u\000s\000s\000i\000o\000n}{section.4.2}% 49
\BOOKMARK [1][-]{section.4.3}{\376\377\000L\000i\000m\000i\000t\000e\000s\000\040\000e\000t\000\040\000p\000e\000r\000s\000p\000e\000c\000t\000i\000v\000e\000s}{chapter.4}% 50
\BOOKMARK [2][-]{subsection.4.3.1}{\376\377\000L\000i\000m\000i\000t\000e\000s\000\040\000d\000u\000\040\000t\000r\000a\000v\000a\000i\000l}{section.4.3}% 51
\BOOKMARK [2][-]{subsection.4.3.2}{\376\377\000P\000e\000r\000s\000p\000e\000c\000t\000i\000v\000e\000s}{section.4.3}% 52
\BOOKMARK [0][-]{chapter*.14}{\376\377\000C\000o\000n\000c\000l\000u\000s\000i\000o\000n\000\040\000G\000\351\000n\000\351\000r\000a\000l\000e}{}% 53
\BOOKMARK [0][-]{appendix.A}{\376\377\000Q\000u\000e\000s\000t\000i\000o\000n\000n\000a\000i\000r\000e\000\040\000d\000e\000\040\000l\000'\000e\000n\000q\000u\000\352\000t\000e\000\040\000M\000I\000N\000E\000P\000A\000T\000\040\0002\0000\0002\0005}{}% 54
\BOOKMARK [0][-]{appendix.B}{\376\377\000M\000o\000d\000\350\000l\000e\000\040\000d\000e\000\040\000d\000o\000n\000n\000\351\000e\000s\000\040\000c\000o\000m\000p\000l\000e\000t}{}% 55
\BOOKMARK [0][-]{appendix.C}{\376\377\000M\000a\000n\000u\000e\000l\000\040\000d\000'\000u\000t\000i\000l\000i\000s\000a\000t\000i\000o\000n\000\040\000d\000e\000\040\000l\000a\000\040\000p\000l\000a\000t\000e\000f\000o\000r\000m\000e}{}% 56
