This is pdfTeX, Version 3.141592653-2.6-1.40.29 (MiKTeX 26.2) (preloaded format=pdflatex 2026.4.22)  27 APR 2026 11:34
entering extended mode
 restricted \write18 enabled.
 %&-line parsing enabled.
**./sectionChapitre2.tex
(sectionChapitre2.tex
LaTeX2e <2025-11-01>
L3 programming layer <2026-03-20>

(C:\Users\Landry NDZESSA\AppData\Local\Programs\MiKTeX\tex/latex/base\article.c
ls
Document Class: article 2025/01/22 v1.4n Standard LaTeX document class

(C:\Users\Landry NDZESSA\AppData\Local\Programs\MiKTeX\tex/latex/base\size10.cl
o
File: size10.clo 2025/01/22 v1.4n Standard LaTeX file (size option)
)
\c@part=\count275
\c@section=\count276
\c@subsection=\count277
\c@subsubsection=\count278
\c@paragraph=\count279
\c@subparagraph=\count280
\c@figure=\count281
\c@table=\count282
\abovecaptionskip=\skip49
\belowcaptionskip=\skip50
\bibindent=\dimen150
)
(C:\Users\Landry NDZESSA\AppData\Local\Programs\MiKTeX\tex/latex/natbib\natbib.
sty
Package: natbib 2010/09/13 8.31b (PWD, AO)
\bibhang=\skip51
\bibsep=\skip52
LaTeX Info: Redefining \cite on input line 694.
\c@NAT@ctr=\count283
)
(C:\Users\Landry NDZESSA\AppData\Local\Programs\MiKTeX\tex/latex/l3backend\l3ba
ckend-pdftex.def
File: l3backend-pdftex.def 2026-02-18 L3 backend support: PDF output (pdfTeX)
\l__color_backend_stack_int=\count284
) (sectionChapitre2.aux)
\openout1 = `sectionChapitre2.aux'.

LaTeX Font Info:    Checking defaults for OML/cmm/m/it on input line 8.
LaTeX Font Info:    ... okay on input line 8.
LaTeX Font Info:    Checking defaults for OMS/cmsy/m/n on input line 8.
LaTeX Font Info:    ... okay on input line 8.
LaTeX Font Info:    Checking defaults for OT1/cmr/m/n on input line 8.
LaTeX Font Info:    ... okay on input line 8.
LaTeX Font Info:    Checking defaults for T1/cmr/m/n on input line 8.
LaTeX Font Info:    ... okay on input line 8.
LaTeX Font Info:    Checking defaults for TS1/cmr/m/n on input line 8.
LaTeX Font Info:    ... okay on input line 8.
LaTeX Font Info:    Checking defaults for OMX/cmex/m/n on input line 8.
LaTeX Font Info:    ... okay on input line 8.
LaTeX Font Info:    Checking defaults for U/cmr/m/n on input line 8.
LaTeX Font Info:    ... okay on input line 8.


Package natbib Warning: Citation `oecd_sme_2021' on page 1 undefined on input l
ine 19.


Overfull \hbox (13.7691pt too wide) in paragraph at lines 11--22
\OT1/cmr/m/n/10 pose le pr^^Sesent tra-vail. Il s'articule au-tour de deux gran
des par-ties compl^^Sementaires.
 []


Package natbib Warning: Citation `ins_rge_2023' on page 1 undefined on input li
ne 43.


Package natbib Warning: Citation `world_bank_2020' on page 1 undefined on input
 line 52.


Package natbib Warning: Citation `unido_2022' on page 1 undefined on input line
 59.


Package natbib Warning: Citation `ins_rge_2023' on page 1 undefined on input li
ne 63.

[1

{C:/Users/Landry NDZESSA/AppData/Local/MiKTeX/fonts/map/pdftex/pdftex.map}]

Package natbib Warning: Citation `porter_1990' on page 2 undefined on input lin
e 75.


Package natbib Warning: Citation `world_bank_doing_business_2020' on page 2 und
efined on input line 82.


Overfull \hbox (8.5469pt too wide) in paragraph at lines 72--87
\OT1/cmr/m/n/10 tion-nement et au d^^Seveloppement de l'unit^^Se ^^Seconomique 
con-cern^^See. Cette d^^Sefinition
 []


Package natbib Warning: Citation `barometr_gecam' on page 2 undefined on input 
line 95.


Package natbib Warning: Citation `minepat_midterm_2026' on page 2 undefined on 
input line 96.


Package natbib Warning: Citation `oecd_sme_2021' on page 2 undefined on input l
ine 108.


Package natbib Warning: Citation `williamson_1985' on page 2 undefined on input
 line 113.

[2]

Package natbib Warning: Citation `oecd_sme_2021' on page 3 undefined on input l
ine 122.


Package natbib Warning: Citation `oecd_sme_2021' on page 3 undefined on input l
ine 127.


Package natbib Warning: Citation `uneca_digital_2023' on page 3 undefined on in
put line 131.


Package natbib Warning: There were undefined citations.

[3] (sectionChapitre2.aux)
 ***********
LaTeX2e <2025-11-01>
L3 programming layer <2026-03-20>
 ***********
 ) 
Here is how much of TeX's memory you used:
 798 strings out of 467691
 12955 string characters out of 5410595
 445954 words of memory out of 5000000
 29931 multiletter control sequences out of 15000+600000
 629585 words of font info for 46 fonts, out of 8000000 for 9000
 1141 hyphenation exceptions out of 8191
 35i,5n,44p,182b,128s stack positions out of 10000i,1000n,20000p,200000b,200000s
<C:/Users/Landry NDZESSA/AppData/Local/Programs/MiKTeX/fonts/type1/public/ams
fonts/cm/cmbx10.pfb><C:/Users/Landry NDZESSA/AppData/Local/Programs/MiKTeX/font
s/type1/public/amsfonts/cm/cmbx12.pfb><C:/Users/Landry NDZESSA/AppData/Local/Pr
ograms/MiKTeX/fonts/type1/public/amsfonts/cm/cmr10.pfb><C:/Users/Landry NDZESSA
/AppData/Local/Programs/MiKTeX/fonts/type1/public/amsfonts/cm/cmti10.pfb>
Output written on sectionChapitre2.pdf (3 pages, 69224 bytes).
PDF statistics:
 32 PDF objects out of 1000 (max. 8388607)
 0 named destinations out of 1000 (max. 500000)
 1 words of extra memory for PDF output out of 10000 (max. 10000000)

